[0.075s] DEBUG:colcon:Command line arguments: ['/usr/bin/colcon', 'build', '--symlink-install', '--parallel-workers', '4', '--build-base', '/workspace/project/.docker/ros2_build', '--install-base', '/workspace/project/.docker/ros2_install']
[0.075s] DEBUG:colcon:Parsed command line arguments: Namespace(log_base=None, log_level=None, verb_name='build', build_base='/workspace/project/.docker/ros2_build', install_base='/workspace/project/.docker/ros2_install', merge_install=False, symlink_install=True, test_result_base=None, continue_on_error=False, executor='parallel', parallel_workers=4, event_handlers=None, ignore_user_meta=False, metas=['./colcon.meta'], base_paths=['.'], packages_ignore=None, packages_ignore_regex=None, paths=None, packages_up_to=None, packages_up_to_regex=None, packages_above=None, packages_above_and_dependencies=None, packages_above_depth=None, packages_select_by_dep=None, packages_skip_by_dep=None, packages_skip_up_to=None, packages_select_build_failed=False, packages_skip_build_finished=False, packages_select_test_failures=False, packages_skip_test_passed=False, packages_select=None, packages_skip=None, packages_select_regex=None, packages_skip_regex=None, packages_start=None, packages_end=None, cmake_args=None, cmake_target=None, cmake_target_skip_unavailable=False, cmake_clean_cache=False, cmake_clean_first=False, cmake_force_configure=False, ament_cmake_args=None, catkin_cmake_args=None, catkin_skip_building_tests=False, mixin_files=None, mixin=None, verb_parser=<colcon_mixin.mixin.mixin_argument.MixinArgumentDecorator object at 0xffff99dee9b0>, verb_extension=<colcon_core.verb.build.BuildVerb object at 0xffff99dee380>, main=<bound method BuildVerb.main of <colcon_core.verb.build.BuildVerb object at 0xffff99dee380>>, mixin_verb=('build',))
[0.137s] Level 1:colcon.colcon_core.package_discovery:discover_packages(colcon_meta) check parameters
[0.138s] Level 1:colcon.colcon_core.package_discovery:discover_packages(recursive) check parameters
[0.138s] Level 1:colcon.colcon_core.package_discovery:discover_packages(ignore) check parameters
[0.138s] Level 1:colcon.colcon_core.package_discovery:discover_packages(path) check parameters
[0.138s] Level 1:colcon.colcon_core.package_discovery:discover_packages(colcon_meta) discover
[0.138s] Level 1:colcon.colcon_core.package_discovery:discover_packages(recursive) discover
[0.138s] INFO:colcon.colcon_core.package_discovery:Crawling recursively for packages in '/workspace/project/ros2_ws'
[0.138s] Level 1:colcon.colcon_core.package_identification:_identify(.) by extensions ['ignore', 'ignore_ament_install']
[0.138s] Level 1:colcon.colcon_core.package_identification:_identify(.) by extension 'ignore'
[0.139s] Level 1:colcon.colcon_core.package_identification:_identify(.) by extension 'ignore_ament_install'
[0.139s] Level 1:colcon.colcon_core.package_identification:_identify(.) by extensions ['colcon_pkg']
[0.139s] Level 1:colcon.colcon_core.package_identification:_identify(.) by extension 'colcon_pkg'
[0.139s] Level 1:colcon.colcon_core.package_identification:_identify(.) by extensions ['colcon_meta']
[0.139s] Level 1:colcon.colcon_core.package_identification:_identify(.) by extension 'colcon_meta'
[0.139s] Level 1:colcon.colcon_core.package_identification:_identify(.) by extensions ['ros']
[0.139s] Level 1:colcon.colcon_core.package_identification:_identify(.) by extension 'ros'
[0.145s] Level 1:colcon.colcon_core.package_identification:_identify(.) by extensions ['cmake', 'python']
[0.145s] Level 1:colcon.colcon_core.package_identification:_identify(.) by extension 'cmake'
[0.145s] Level 1:colcon.colcon_core.package_identification:_identify(.) by extension 'python'
[0.145s] Level 1:colcon.colcon_core.package_identification:_identify(.) by extensions ['python_setup_py']
[0.146s] Level 1:colcon.colcon_core.package_identification:_identify(.) by extension 'python_setup_py'
[0.146s] Level 1:colcon.colcon_core.package_identification:_identify(log) by extensions ['ignore', 'ignore_ament_install']
[0.146s] Level 1:colcon.colcon_core.package_identification:_identify(log) by extension 'ignore'
[0.146s] Level 1:colcon.colcon_core.package_identification:_identify(log) ignored
[0.146s] Level 1:colcon.colcon_core.package_identification:_identify(src) by extensions ['ignore', 'ignore_ament_install']
[0.146s] Level 1:colcon.colcon_core.package_identification:_identify(src) by extension 'ignore'
[0.147s] Level 1:colcon.colcon_core.package_identification:_identify(src) by extension 'ignore_ament_install'
[0.147s] Level 1:colcon.colcon_core.package_identification:_identify(src) by extensions ['colcon_pkg']
[0.147s] Level 1:colcon.colcon_core.package_identification:_identify(src) by extension 'colcon_pkg'
[0.147s] Level 1:colcon.colcon_core.package_identification:_identify(src) by extensions ['colcon_meta']
[0.147s] Level 1:colcon.colcon_core.package_identification:_identify(src) by extension 'colcon_meta'
[0.147s] Level 1:colcon.colcon_core.package_identification:_identify(src) by extensions ['ros']
[0.147s] Level 1:colcon.colcon_core.package_identification:_identify(src) by extension 'ros'
[0.147s] Level 1:colcon.colcon_core.package_identification:_identify(src) by extensions ['cmake', 'python']
[0.147s] Level 1:colcon.colcon_core.package_identification:_identify(src) by extension 'cmake'
[0.147s] Level 1:colcon.colcon_core.package_identification:_identify(src) by extension 'python'
[0.147s] Level 1:colcon.colcon_core.package_identification:_identify(src) by extensions ['python_setup_py']
[0.147s] Level 1:colcon.colcon_core.package_identification:_identify(src) by extension 'python_setup_py'
[0.148s] Level 1:colcon.colcon_core.package_identification:_identify(src/booster_ros2_interface) by extensions ['ignore', 'ignore_ament_install']
[0.148s] Level 1:colcon.colcon_core.package_identification:_identify(src/booster_ros2_interface) by extension 'ignore'
[0.148s] Level 1:colcon.colcon_core.package_identification:_identify(src/booster_ros2_interface) by extension 'ignore_ament_install'
[0.148s] Level 1:colcon.colcon_core.package_identification:_identify(src/booster_ros2_interface) by extensions ['colcon_pkg']
[0.148s] Level 1:colcon.colcon_core.package_identification:_identify(src/booster_ros2_interface) by extension 'colcon_pkg'
[0.148s] Level 1:colcon.colcon_core.package_identification:_identify(src/booster_ros2_interface) by extensions ['colcon_meta']
[0.148s] Level 1:colcon.colcon_core.package_identification:_identify(src/booster_ros2_interface) by extension 'colcon_meta'
[0.148s] Level 1:colcon.colcon_core.package_identification:_identify(src/booster_ros2_interface) by extensions ['ros']
[0.148s] Level 1:colcon.colcon_core.package_identification:_identify(src/booster_ros2_interface) by extension 'ros'
[0.151s] DEBUG:colcon.colcon_core.package_identification:Package 'src/booster_ros2_interface' with type 'ros.ament_cmake' and name 'booster_interface'
[0.151s] Level 1:colcon.colcon_core.package_identification:_identify(src/booster_t1_webots_test) by extensions ['ignore', 'ignore_ament_install']
[0.151s] Level 1:colcon.colcon_core.package_identification:_identify(src/booster_t1_webots_test) by extension 'ignore'
[0.152s] Level 1:colcon.colcon_core.package_identification:_identify(src/booster_t1_webots_test) by extension 'ignore_ament_install'
[0.152s] Level 1:colcon.colcon_core.package_identification:_identify(src/booster_t1_webots_test) by extensions ['colcon_pkg']
[0.152s] Level 1:colcon.colcon_core.package_identification:_identify(src/booster_t1_webots_test) by extension 'colcon_pkg'
[0.152s] Level 1:colcon.colcon_core.package_identification:_identify(src/booster_t1_webots_test) by extensions ['colcon_meta']
[0.152s] Level 1:colcon.colcon_core.package_identification:_identify(src/booster_t1_webots_test) by extension 'colcon_meta'
[0.152s] Level 1:colcon.colcon_core.package_identification:_identify(src/booster_t1_webots_test) by extensions ['ros']
[0.152s] Level 1:colcon.colcon_core.package_identification:_identify(src/booster_t1_webots_test) by extension 'ros'
[0.153s] DEBUG:colcon.colcon_core.package_identification:Package 'src/booster_t1_webots_test' with type 'ros.ament_python' and name 'booster_t1_webots_test'
[0.153s] Level 1:colcon.colcon_core.package_discovery:discover_packages(recursive) using defaults
[0.153s] Level 1:colcon.colcon_core.package_discovery:discover_packages(ignore) discover
[0.153s] Level 1:colcon.colcon_core.package_discovery:discover_packages(ignore) using defaults
[0.153s] Level 1:colcon.colcon_core.package_discovery:discover_packages(path) discover
[0.153s] Level 1:colcon.colcon_core.package_discovery:discover_packages(path) using defaults
[0.166s] Level 5:colcon.colcon_core.verb:set package 'booster_interface' build argument 'cmake_args' from command line to 'None'
[0.166s] Level 5:colcon.colcon_core.verb:set package 'booster_interface' build argument 'cmake_target' from command line to 'None'
[0.166s] Level 5:colcon.colcon_core.verb:set package 'booster_interface' build argument 'cmake_target_skip_unavailable' from command line to 'False'
[0.166s] Level 5:colcon.colcon_core.verb:set package 'booster_interface' build argument 'cmake_clean_cache' from command line to 'False'
[0.166s] Level 5:colcon.colcon_core.verb:set package 'booster_interface' build argument 'cmake_clean_first' from command line to 'False'
[0.167s] Level 5:colcon.colcon_core.verb:set package 'booster_interface' build argument 'cmake_force_configure' from command line to 'False'
[0.167s] Level 5:colcon.colcon_core.verb:set package 'booster_interface' build argument 'ament_cmake_args' from command line to 'None'
[0.167s] Level 5:colcon.colcon_core.verb:set package 'booster_interface' build argument 'catkin_cmake_args' from command line to 'None'
[0.167s] Level 5:colcon.colcon_core.verb:set package 'booster_interface' build argument 'catkin_skip_building_tests' from command line to 'False'
[0.167s] DEBUG:colcon.colcon_core.verb:Building package 'booster_interface' with the following arguments: {'ament_cmake_args': None, 'build_base': '/workspace/project/.docker/ros2_build/booster_interface', 'catkin_cmake_args': None, 'catkin_skip_building_tests': False, 'cmake_args': None, 'cmake_clean_cache': False, 'cmake_clean_first': False, 'cmake_force_configure': False, 'cmake_target': None, 'cmake_target_skip_unavailable': False, 'install_base': '/workspace/project/.docker/ros2_install/booster_interface', 'merge_install': False, 'path': '/workspace/project/ros2_ws/src/booster_ros2_interface', 'symlink_install': True, 'test_result_base': None}
[0.167s] Level 5:colcon.colcon_core.verb:set package 'booster_t1_webots_test' build argument 'cmake_args' from command line to 'None'
[0.167s] Level 5:colcon.colcon_core.verb:set package 'booster_t1_webots_test' build argument 'cmake_target' from command line to 'None'
[0.167s] Level 5:colcon.colcon_core.verb:set package 'booster_t1_webots_test' build argument 'cmake_target_skip_unavailable' from command line to 'False'
[0.167s] Level 5:colcon.colcon_core.verb:set package 'booster_t1_webots_test' build argument 'cmake_clean_cache' from command line to 'False'
[0.167s] Level 5:colcon.colcon_core.verb:set package 'booster_t1_webots_test' build argument 'cmake_clean_first' from command line to 'False'
[0.167s] Level 5:colcon.colcon_core.verb:set package 'booster_t1_webots_test' build argument 'cmake_force_configure' from command line to 'False'
[0.167s] Level 5:colcon.colcon_core.verb:set package 'booster_t1_webots_test' build argument 'ament_cmake_args' from command line to 'None'
[0.167s] Level 5:colcon.colcon_core.verb:set package 'booster_t1_webots_test' build argument 'catkin_cmake_args' from command line to 'None'
[0.168s] Level 5:colcon.colcon_core.verb:set package 'booster_t1_webots_test' build argument 'catkin_skip_building_tests' from command line to 'False'
[0.168s] DEBUG:colcon.colcon_core.verb:Building package 'booster_t1_webots_test' with the following arguments: {'ament_cmake_args': None, 'build_base': '/workspace/project/.docker/ros2_build/booster_t1_webots_test', 'catkin_cmake_args': None, 'catkin_skip_building_tests': False, 'cmake_args': None, 'cmake_clean_cache': False, 'cmake_clean_first': False, 'cmake_force_configure': False, 'cmake_target': None, 'cmake_target_skip_unavailable': False, 'install_base': '/workspace/project/.docker/ros2_install/booster_t1_webots_test', 'merge_install': False, 'path': '/workspace/project/ros2_ws/src/booster_t1_webots_test', 'symlink_install': True, 'test_result_base': None}
[0.168s] INFO:colcon.colcon_core.executor:Executing jobs using 'parallel' executor
[0.168s] DEBUG:colcon.colcon_parallel_executor.executor.parallel:run_until_complete
[0.169s] INFO:colcon.colcon_ros.task.ament_cmake.build:Building ROS package in '/workspace/project/ros2_ws/src/booster_ros2_interface' with build type 'ament_cmake'
[0.169s] INFO:colcon.colcon_cmake.task.cmake.build:Building CMake package in '/workspace/project/ros2_ws/src/booster_ros2_interface'
[0.170s] INFO:colcon.colcon_core.plugin_system:Skipping extension 'colcon_core.shell.bat': Not used on non-Windows systems
[0.170s] INFO:colcon.colcon_core.shell:Skip shell extension 'powershell' for command environment: Not usable outside of PowerShell
[0.170s] DEBUG:colcon.colcon_core.shell:Skip shell extension 'dsv' for command environment
[0.188s] DEBUG:colcon.colcon_core.event_handler.log_command:Invoking command in '/workspace/project/.docker/ros2_build/booster_interface': CMAKE_PREFIX_PATH=/opt/ros/humble /usr/bin/cmake /workspace/project/ros2_ws/src/booster_ros2_interface -DAMENT_CMAKE_SYMLINK_INSTALL=1 -DCMAKE_INSTALL_PREFIX=/workspace/project/.docker/ros2_install/booster_interface
[2.580s] DEBUG:colcon.colcon_core.event_handler.log_command:Invoked command in '/workspace/project/.docker/ros2_build/booster_interface' returned '0': CMAKE_PREFIX_PATH=/opt/ros/humble /usr/bin/cmake /workspace/project/ros2_ws/src/booster_ros2_interface -DAMENT_CMAKE_SYMLINK_INSTALL=1 -DCMAKE_INSTALL_PREFIX=/workspace/project/.docker/ros2_install/booster_interface
[2.582s] DEBUG:colcon.colcon_core.event_handler.log_command:Invoking command in '/workspace/project/.docker/ros2_build/booster_interface': CMAKE_PREFIX_PATH=/opt/ros/humble /usr/bin/cmake --build /workspace/project/.docker/ros2_build/booster_interface
[13.590s] DEBUG:colcon.colcon_core.event_handler.log_command:Invoked command in '/workspace/project/.docker/ros2_build/booster_interface' returned '0': CMAKE_PREFIX_PATH=/opt/ros/humble /usr/bin/cmake --build /workspace/project/.docker/ros2_build/booster_interface
[13.605s] DEBUG:colcon.colcon_core.event_handler.log_command:Invoking command in '/workspace/project/.docker/ros2_build/booster_interface': CMAKE_PREFIX_PATH=/opt/ros/humble /usr/bin/cmake --install /workspace/project/.docker/ros2_build/booster_interface
[16.283s] Level 1:colcon.colcon_core.environment:create_environment_scripts_only(booster_interface)
[16.285s] DEBUG:colcon.colcon_core.event_handler.log_command:Invoked command in '/workspace/project/.docker/ros2_build/booster_interface' returned '0': CMAKE_PREFIX_PATH=/opt/ros/humble /usr/bin/cmake --install /workspace/project/.docker/ros2_build/booster_interface
[16.288s] Level 1:colcon.colcon_core.environment:checking '/workspace/project/.docker/ros2_install/booster_interface' for CMake module files
[16.293s] Level 1:colcon.colcon_core.environment:checking '/workspace/project/.docker/ros2_install/booster_interface' for CMake config files
[16.313s] Level 1:colcon.colcon_core.shell:create_environment_hook('booster_interface', 'cmake_prefix_path')
[16.314s] INFO:colcon.colcon_core.shell:Creating environment hook '/workspace/project/.docker/ros2_install/booster_interface/share/booster_interface/hook/cmake_prefix_path.ps1'
[16.315s] INFO:colcon.colcon_core.shell:Creating environment descriptor '/workspace/project/.docker/ros2_install/booster_interface/share/booster_interface/hook/cmake_prefix_path.dsv'
[16.316s] INFO:colcon.colcon_core.shell:Creating environment hook '/workspace/project/.docker/ros2_install/booster_interface/share/booster_interface/hook/cmake_prefix_path.sh'
[16.318s] Level 1:colcon.colcon_core.environment:checking '/workspace/project/.docker/ros2_install/booster_interface/lib'
[16.318s] Level 1:colcon.colcon_core.shell:create_environment_hook('booster_interface', 'ld_library_path_lib')
[16.319s] INFO:colcon.colcon_core.shell:Creating environment hook '/workspace/project/.docker/ros2_install/booster_interface/share/booster_interface/hook/ld_library_path_lib.ps1'
[16.319s] INFO:colcon.colcon_core.shell:Creating environment descriptor '/workspace/project/.docker/ros2_install/booster_interface/share/booster_interface/hook/ld_library_path_lib.dsv'
[16.320s] INFO:colcon.colcon_core.shell:Creating environment hook '/workspace/project/.docker/ros2_install/booster_interface/share/booster_interface/hook/ld_library_path_lib.sh'
[16.320s] Level 1:colcon.colcon_core.environment:checking '/workspace/project/.docker/ros2_install/booster_interface/bin'
[16.320s] Level 1:colcon.colcon_core.environment:checking '/workspace/project/.docker/ros2_install/booster_interface/lib/pkgconfig/booster_interface.pc'
[16.322s] Level 1:colcon.colcon_core.environment:checking '/workspace/project/.docker/ros2_install/booster_interface/lib/python3.10/site-packages'
[16.322s] Level 1:colcon.colcon_core.environment:checking '/workspace/project/.docker/ros2_install/booster_interface/bin'
[16.323s] INFO:colcon.colcon_core.shell:Creating package script '/workspace/project/.docker/ros2_install/booster_interface/share/booster_interface/package.ps1'
[16.324s] INFO:colcon.colcon_core.shell:Creating package descriptor '/workspace/project/.docker/ros2_install/booster_interface/share/booster_interface/package.dsv'
[16.325s] INFO:colcon.colcon_core.shell:Creating package script '/workspace/project/.docker/ros2_install/booster_interface/share/booster_interface/package.sh'
[16.326s] INFO:colcon.colcon_core.shell:Creating package script '/workspace/project/.docker/ros2_install/booster_interface/share/booster_interface/package.bash'
[16.327s] INFO:colcon.colcon_core.shell:Creating package script '/workspace/project/.docker/ros2_install/booster_interface/share/booster_interface/package.zsh'
[16.328s] Level 1:colcon.colcon_core.environment:create_file_with_runtime_dependencies(/workspace/project/.docker/ros2_install/booster_interface/share/colcon-core/packages/booster_interface)
[16.330s] Level 1:colcon.colcon_core.environment:create_environment_scripts_only(booster_interface)
[16.330s] Level 1:colcon.colcon_core.environment:checking '/workspace/project/.docker/ros2_install/booster_interface' for CMake module files
[16.333s] Level 1:colcon.colcon_core.environment:checking '/workspace/project/.docker/ros2_install/booster_interface' for CMake config files
[16.350s] Level 1:colcon.colcon_core.shell:create_environment_hook('booster_interface', 'cmake_prefix_path')
[16.351s] INFO:colcon.colcon_core.shell:Creating environment hook '/workspace/project/.docker/ros2_install/booster_interface/share/booster_interface/hook/cmake_prefix_path.ps1'
[16.352s] INFO:colcon.colcon_core.shell:Creating environment descriptor '/workspace/project/.docker/ros2_install/booster_interface/share/booster_interface/hook/cmake_prefix_path.dsv'
[16.352s] INFO:colcon.colcon_core.shell:Creating environment hook '/workspace/project/.docker/ros2_install/booster_interface/share/booster_interface/hook/cmake_prefix_path.sh'
[16.353s] Level 1:colcon.colcon_core.environment:checking '/workspace/project/.docker/ros2_install/booster_interface/lib'
[16.354s] Level 1:colcon.colcon_core.shell:create_environment_hook('booster_interface', 'ld_library_path_lib')
[16.354s] INFO:colcon.colcon_core.shell:Creating environment hook '/workspace/project/.docker/ros2_install/booster_interface/share/booster_interface/hook/ld_library_path_lib.ps1'
[16.354s] INFO:colcon.colcon_core.shell:Creating environment descriptor '/workspace/project/.docker/ros2_install/booster_interface/share/booster_interface/hook/ld_library_path_lib.dsv'
[16.355s] INFO:colcon.colcon_core.shell:Creating environment hook '/workspace/project/.docker/ros2_install/booster_interface/share/booster_interface/hook/ld_library_path_lib.sh'
[16.356s] Level 1:colcon.colcon_core.environment:checking '/workspace/project/.docker/ros2_install/booster_interface/bin'
[16.356s] Level 1:colcon.colcon_core.environment:checking '/workspace/project/.docker/ros2_install/booster_interface/lib/pkgconfig/booster_interface.pc'
[16.356s] Level 1:colcon.colcon_core.environment:checking '/workspace/project/.docker/ros2_install/booster_interface/lib/python3.10/site-packages'
[16.356s] Level 1:colcon.colcon_core.environment:checking '/workspace/project/.docker/ros2_install/booster_interface/bin'
[16.357s] INFO:colcon.colcon_core.shell:Creating package script '/workspace/project/.docker/ros2_install/booster_interface/share/booster_interface/package.ps1'
[16.357s] INFO:colcon.colcon_core.shell:Creating package descriptor '/workspace/project/.docker/ros2_install/booster_interface/share/booster_interface/package.dsv'
[16.358s] INFO:colcon.colcon_core.shell:Creating package script '/workspace/project/.docker/ros2_install/booster_interface/share/booster_interface/package.sh'
[16.358s] INFO:colcon.colcon_core.shell:Creating package script '/workspace/project/.docker/ros2_install/booster_interface/share/booster_interface/package.bash'
[16.359s] INFO:colcon.colcon_core.shell:Creating package script '/workspace/project/.docker/ros2_install/booster_interface/share/booster_interface/package.zsh'
[16.360s] Level 1:colcon.colcon_core.environment:create_file_with_runtime_dependencies(/workspace/project/.docker/ros2_install/booster_interface/share/colcon-core/packages/booster_interface)
[16.361s] INFO:colcon.colcon_ros.task.ament_python.build:Building ROS package in '/workspace/project/ros2_ws/src/booster_t1_webots_test' with build type 'ament_python'
[16.361s] Level 1:colcon.colcon_core.shell:create_environment_hook('booster_t1_webots_test', 'ament_prefix_path')
[16.362s] INFO:colcon.colcon_core.shell:Creating environment hook '/workspace/project/.docker/ros2_install/booster_t1_webots_test/share/booster_t1_webots_test/hook/ament_prefix_path.ps1'
[16.363s] INFO:colcon.colcon_core.shell:Creating environment descriptor '/workspace/project/.docker/ros2_install/booster_t1_webots_test/share/booster_t1_webots_test/hook/ament_prefix_path.dsv'
[16.364s] INFO:colcon.colcon_core.shell:Creating environment hook '/workspace/project/.docker/ros2_install/booster_t1_webots_test/share/booster_t1_webots_test/hook/ament_prefix_path.sh'
[16.365s] INFO:colcon.colcon_core.shell:Skip shell extension 'powershell' for command environment: Not usable outside of PowerShell
[16.365s] DEBUG:colcon.colcon_core.shell:Skip shell extension 'dsv' for command environment
[16.556s] INFO:colcon.colcon_core.task.python.build:Building Python package in '/workspace/project/ros2_ws/src/booster_t1_webots_test'
[16.556s] INFO:colcon.colcon_core.shell:Skip shell extension 'powershell' for command environment: Not usable outside of PowerShell
[16.556s] DEBUG:colcon.colcon_core.shell:Skip shell extension 'dsv' for command environment
[16.828s] DEBUG:colcon.colcon_core.event_handler.log_command:Invoking command in '/workspace/project/.docker/ros2_build/booster_t1_webots_test': AMENT_PREFIX_PATH=/workspace/project/.docker/ros2_install/booster_interface:${AMENT_PREFIX_PATH} CMAKE_PREFIX_PATH=/workspace/project/.docker/ros2_install/booster_interface LD_LIBRARY_PATH=/workspace/project/.docker/ros2_install/booster_interface/lib:${LD_LIBRARY_PATH} PYTHONPATH=/workspace/project/.docker/ros2_build/booster_t1_webots_test/prefix_override:/usr/lib/python3/dist-packages/colcon_core/task/python/colcon_distutils_commands:/workspace/project/.docker/ros2_install/booster_t1_webots_test/lib/python3.10/site-packages:/workspace/project/.docker/ros2_install/booster_interface/local/lib/python3.10/dist-packages:${PYTHONPATH} /usr/bin/python3 -W ignore:setup.py install is deprecated -W ignore:easy_install command is deprecated setup.py develop --editable --build-directory /workspace/project/.docker/ros2_build/booster_t1_webots_test/build --no-deps symlink_data
[17.060s] Level 1:colcon.colcon_core.shell:create_environment_hook('booster_t1_webots_test', 'pythonpath_develop')
[17.061s] INFO:colcon.colcon_core.shell:Creating environment hook '/workspace/project/.docker/ros2_build/booster_t1_webots_test/share/booster_t1_webots_test/hook/pythonpath_develop.ps1'
[17.061s] DEBUG:colcon.colcon_core.event_handler.log_command:Invoked command in '/workspace/project/.docker/ros2_build/booster_t1_webots_test' returned '0': AMENT_PREFIX_PATH=/workspace/project/.docker/ros2_install/booster_interface:${AMENT_PREFIX_PATH} CMAKE_PREFIX_PATH=/workspace/project/.docker/ros2_install/booster_interface LD_LIBRARY_PATH=/workspace/project/.docker/ros2_install/booster_interface/lib:${LD_LIBRARY_PATH} PYTHONPATH=/workspace/project/.docker/ros2_build/booster_t1_webots_test/prefix_override:/usr/lib/python3/dist-packages/colcon_core/task/python/colcon_distutils_commands:/workspace/project/.docker/ros2_install/booster_t1_webots_test/lib/python3.10/site-packages:/workspace/project/.docker/ros2_install/booster_interface/local/lib/python3.10/dist-packages:${PYTHONPATH} /usr/bin/python3 -W ignore:setup.py install is deprecated -W ignore:easy_install command is deprecated setup.py develop --editable --build-directory /workspace/project/.docker/ros2_build/booster_t1_webots_test/build --no-deps symlink_data
[17.063s] INFO:colcon.colcon_core.shell:Creating environment descriptor '/workspace/project/.docker/ros2_build/booster_t1_webots_test/share/booster_t1_webots_test/hook/pythonpath_develop.dsv'
[17.063s] INFO:colcon.colcon_core.shell:Creating environment hook '/workspace/project/.docker/ros2_build/booster_t1_webots_test/share/booster_t1_webots_test/hook/pythonpath_develop.sh'
[17.064s] Level 1:colcon.colcon_core.environment:checking '/workspace/project/.docker/ros2_install/booster_t1_webots_test' for CMake module files
[17.065s] Level 1:colcon.colcon_core.environment:checking '/workspace/project/.docker/ros2_install/booster_t1_webots_test' for CMake config files
[17.068s] Level 1:colcon.colcon_core.environment:checking '/workspace/project/.docker/ros2_install/booster_t1_webots_test/lib'
[17.068s] Level 1:colcon.colcon_core.environment:checking '/workspace/project/.docker/ros2_install/booster_t1_webots_test/bin'
[17.068s] Level 1:colcon.colcon_core.environment:checking '/workspace/project/.docker/ros2_install/booster_t1_webots_test/lib/pkgconfig/booster_t1_webots_test.pc'
[17.068s] Level 1:colcon.colcon_core.environment:checking '/workspace/project/.docker/ros2_install/booster_t1_webots_test/lib/python3.10/site-packages'
[17.068s] Level 1:colcon.colcon_core.shell:create_environment_hook('booster_t1_webots_test', 'pythonpath')
[17.068s] INFO:colcon.colcon_core.shell:Creating environment hook '/workspace/project/.docker/ros2_install/booster_t1_webots_test/share/booster_t1_webots_test/hook/pythonpath.ps1'
[17.069s] INFO:colcon.colcon_core.shell:Creating environment descriptor '/workspace/project/.docker/ros2_install/booster_t1_webots_test/share/booster_t1_webots_test/hook/pythonpath.dsv'
[17.069s] INFO:colcon.colcon_core.shell:Creating environment hook '/workspace/project/.docker/ros2_install/booster_t1_webots_test/share/booster_t1_webots_test/hook/pythonpath.sh'
[17.070s] Level 1:colcon.colcon_core.environment:checking '/workspace/project/.docker/ros2_install/booster_t1_webots_test/bin'
[17.070s] Level 1:colcon.colcon_core.environment:create_environment_scripts_only(booster_t1_webots_test)
[17.070s] INFO:colcon.colcon_core.shell:Creating package script '/workspace/project/.docker/ros2_install/booster_t1_webots_test/share/booster_t1_webots_test/package.ps1'
[17.071s] INFO:colcon.colcon_core.shell:Creating package descriptor '/workspace/project/.docker/ros2_install/booster_t1_webots_test/share/booster_t1_webots_test/package.dsv'
[17.072s] INFO:colcon.colcon_core.shell:Creating package script '/workspace/project/.docker/ros2_install/booster_t1_webots_test/share/booster_t1_webots_test/package.sh'
[17.073s] INFO:colcon.colcon_core.shell:Creating package script '/workspace/project/.docker/ros2_install/booster_t1_webots_test/share/booster_t1_webots_test/package.bash'
[17.073s] INFO:colcon.colcon_core.shell:Creating package script '/workspace/project/.docker/ros2_install/booster_t1_webots_test/share/booster_t1_webots_test/package.zsh'
[17.074s] Level 1:colcon.colcon_core.environment:create_file_with_runtime_dependencies(/workspace/project/.docker/ros2_install/booster_t1_webots_test/share/colcon-core/packages/booster_t1_webots_test)
[17.076s] DEBUG:colcon.colcon_parallel_executor.executor.parallel:closing loop
[17.076s] DEBUG:colcon.colcon_parallel_executor.executor.parallel:loop closed
[17.076s] DEBUG:colcon.colcon_parallel_executor.executor.parallel:run_until_complete finished with '0'
[17.077s] DEBUG:colcon.colcon_core.event_reactor:joining thread
[17.082s] INFO:colcon.colcon_core.plugin_system:Skipping extension 'colcon_notification.desktop_notification.notify_send': Could not find 'notify-send'
[17.082s] INFO:colcon.colcon_core.plugin_system:Skipping extension 'colcon_notification.desktop_notification.terminal_notifier': Not used on non-Darwin systems
[17.082s] INFO:colcon.colcon_core.plugin_system:Skipping extension 'colcon_notification.desktop_notification.win32': Not used on non-Windows systems
[17.083s] INFO:colcon.colcon_notification.desktop_notification:Sending desktop notification using 'notify2'
[17.083s] DEBUG:colcon.colcon_notification.desktop_notification.notify2:Failed to initialize notify2: org.freedesktop.DBus.Error.NotSupported: Unable to autolaunch a dbus-daemon without a $DISPLAY for X11
[17.083s] DEBUG:colcon.colcon_core.event_reactor:joined thread
[17.083s] INFO:colcon.colcon_core.shell:Creating prefix script '/workspace/project/.docker/ros2_install/local_setup.ps1'
[17.084s] INFO:colcon.colcon_core.shell:Creating prefix util module '/workspace/project/.docker/ros2_install/_local_setup_util_ps1.py'
[17.086s] INFO:colcon.colcon_core.shell:Creating prefix chain script '/workspace/project/.docker/ros2_install/setup.ps1'
[17.087s] INFO:colcon.colcon_core.shell:Creating prefix script '/workspace/project/.docker/ros2_install/local_setup.sh'
[17.088s] INFO:colcon.colcon_core.shell:Creating prefix util module '/workspace/project/.docker/ros2_install/_local_setup_util_sh.py'
[17.089s] INFO:colcon.colcon_core.shell:Creating prefix chain script '/workspace/project/.docker/ros2_install/setup.sh'
[17.089s] INFO:colcon.colcon_core.shell:Creating prefix script '/workspace/project/.docker/ros2_install/local_setup.bash'
[17.090s] INFO:colcon.colcon_core.shell:Creating prefix chain script '/workspace/project/.docker/ros2_install/setup.bash'
[17.091s] INFO:colcon.colcon_core.shell:Creating prefix script '/workspace/project/.docker/ros2_install/local_setup.zsh'
[17.091s] INFO:colcon.colcon_core.shell:Creating prefix chain script '/workspace/project/.docker/ros2_install/setup.zsh'
