[0.000000] (-) TimerEvent: {}
[0.000196] (-) JobUnselected: {'identifier': 'booster_interface'}
[0.000774] (booster_t1_webots_test) JobQueued: {'identifier': 'booster_t1_webots_test', 'dependencies': OrderedDict([('booster_interface', '/workspace/project/.docker/ros2_install/booster_interface')])}
[0.000883] (booster_t1_webots_test) JobStarted: {'identifier': 'booster_t1_webots_test'}
[0.098227] (-) TimerEvent: {}
[0.200237] (-) TimerEvent: {}
[0.302246] (-) TimerEvent: {}
[0.358051] (booster_t1_webots_test) Command: {'cmd': ['/usr/bin/python3', '-W', 'ignore:setup.py install is deprecated', '-W', 'ignore:easy_install command is deprecated', 'setup.py', 'develop', '--editable', '--build-directory', '/workspace/project/.docker/ros2_build/booster_t1_webots_test/build', '--no-deps', 'symlink_data'], 'cwd': '/workspace/project/.docker/ros2_build/booster_t1_webots_test', 'env': {'USER': 'booster', 'HOSTNAME': '7786582c22bd', 'SHLVL': '0', 'LD_LIBRARY_PATH': '/workspace/project/.docker/ros2_install/booster_interface/lib:/opt/ros/humble/opt/rviz_ogre_vendor/lib:/opt/ros/humble/lib/aarch64-linux-gnu:/opt/ros/humble/lib', 'HOME': '/workspace/project/.docker/home', 'OLDPWD': '/workspace/project/ros2_ws', 'ROS_PYTHON_VERSION': '3', 'MAKEFLAGS': '-j8', 'ROS_DISTRO': 'humble', '_': '/usr/bin/colcon', 'ROS_VERSION': '2', 'WEBOTS_PORT': '1234', 'ROBOT_NAME': 'T1_release', 'ROS_LOCALHOST_ONLY': '0', 'PATH': '/opt/ros/humble/bin:/usr/local/sbin:/usr/local/bin:/usr/sbin:/usr/bin:/sbin:/bin', 'DISPLAY': '', 'LANG': 'C.UTF-8', 'WEBOTS_HOST_IP': 'host.docker.internal', 'AMENT_PREFIX_PATH': '/workspace/project/.docker/ros2_install/booster_interface:/opt/ros/humble', 'DEBIAN_FRONTEND': 'noninteractive', 'PWD': '/workspace/project/.docker/ros2_build/booster_t1_webots_test', 'LC_ALL': 'C.UTF-8', 'PYTHONPATH': '/workspace/project/.docker/ros2_build/booster_t1_webots_test/prefix_override:/usr/lib/python3/dist-packages/colcon_core/task/python/colcon_distutils_commands:/workspace/project/.docker/ros2_install/booster_t1_webots_test/lib/python3.10/site-packages:/workspace/project/.docker/ros2_install/booster_interface/local/lib/python3.10/dist-packages:/opt/ros/humble/lib/python3.10/site-packages:/opt/ros/humble/local/lib/python3.10/dist-packages', 'COLCON': '1', 'CMAKE_PREFIX_PATH': '/workspace/project/.docker/ros2_install/booster_interface'}, 'shell': False}
[0.404462] (-) TimerEvent: {}
[0.505672] (-) TimerEvent: {}
[0.519086] (booster_t1_webots_test) StdoutLine: {'line': b'running develop\n'}
[0.579783] (booster_t1_webots_test) StdoutLine: {'line': b'running egg_info\n'}
[0.580410] (booster_t1_webots_test) StdoutLine: {'line': b'writing booster_t1_webots_test.egg-info/PKG-INFO\n'}
[0.580917] (booster_t1_webots_test) StdoutLine: {'line': b'writing dependency_links to booster_t1_webots_test.egg-info/dependency_links.txt\n'}
[0.581743] (booster_t1_webots_test) StdoutLine: {'line': b'writing entry points to booster_t1_webots_test.egg-info/entry_points.txt\n'}
[0.582150] (booster_t1_webots_test) StdoutLine: {'line': b'writing requirements to booster_t1_webots_test.egg-info/requires.txt\n'}
[0.582490] (booster_t1_webots_test) StdoutLine: {'line': b'writing top-level names to booster_t1_webots_test.egg-info/top_level.txt\n'}
[0.587090] (booster_t1_webots_test) StdoutLine: {'line': b"reading manifest file 'booster_t1_webots_test.egg-info/SOURCES.txt'\n"}
[0.590429] (booster_t1_webots_test) StdoutLine: {'line': b"writing manifest file 'booster_t1_webots_test.egg-info/SOURCES.txt'\n"}
[0.591671] (booster_t1_webots_test) StdoutLine: {'line': b'running build_ext\n'}
[0.592073] (booster_t1_webots_test) StdoutLine: {'line': b'Creating /workspace/project/.docker/ros2_install/booster_t1_webots_test/lib/python3.10/site-packages/booster-t1-webots-test.egg-link (link to .)\n'}
[0.594113] (booster_t1_webots_test) StdoutLine: {'line': b'Installing imu_listener script to /workspace/project/.docker/ros2_install/booster_t1_webots_test/lib/booster_t1_webots_test\n'}
[0.595276] (booster_t1_webots_test) StdoutLine: {'line': b'Installing joint_state_listener script to /workspace/project/.docker/ros2_install/booster_t1_webots_test/lib/booster_t1_webots_test\n'}
[0.596151] (booster_t1_webots_test) StdoutLine: {'line': b'Installing low_state_listener script to /workspace/project/.docker/ros2_install/booster_t1_webots_test/lib/booster_t1_webots_test\n'}
[0.597165] (booster_t1_webots_test) StdoutLine: {'line': b'Installing rpc_movement_client script to /workspace/project/.docker/ros2_install/booster_t1_webots_test/lib/booster_t1_webots_test\n'}
[0.598114] (booster_t1_webots_test) StdoutLine: {'line': b'Installing simple_command_publisher script to /workspace/project/.docker/ros2_install/booster_t1_webots_test/lib/booster_t1_webots_test\n'}
[0.599318] (booster_t1_webots_test) StdoutLine: {'line': b'Installing topic_listener script to /workspace/project/.docker/ros2_install/booster_t1_webots_test/lib/booster_t1_webots_test\n'}
[0.600256] (booster_t1_webots_test) StdoutLine: {'line': b'Installing webots_state_publisher script to /workspace/project/.docker/ros2_install/booster_t1_webots_test/lib/booster_t1_webots_test\n'}
[0.602262] (booster_t1_webots_test) StdoutLine: {'line': b'\n'}
[0.602914] (booster_t1_webots_test) StdoutLine: {'line': b'Installed /workspace/project/.docker/ros2_build/booster_t1_webots_test\n'}
[0.603286] (booster_t1_webots_test) StdoutLine: {'line': b'running symlink_data\n'}
[0.606379] (-) TimerEvent: {}
[0.620231] (booster_t1_webots_test) CommandEnded: {'returncode': 0}
[0.665798] (booster_t1_webots_test) JobEnded: {'identifier': 'booster_t1_webots_test', 'rc': 0}
[0.668638] (-) EventReactorShutdown: {}
