[0.075s] DEBUG:colcon:Command line arguments: ['/usr/bin/colcon', 'build', '--symlink-install', '--parallel-workers', '4', '--build-base', '/workspace/project/.docker/ros2_build', '--install-base', '/workspace/project/.docker/ros2_install', '--packages-select', 'booster_t1_webots_test']
[0.076s] DEBUG:colcon:Parsed command line arguments: Namespace(log_base=None, log_level=None, verb_name='build', build_base='/workspace/project/.docker/ros2_build', install_base='/workspace/project/.docker/ros2_install', merge_install=False, symlink_install=True, test_result_base=None, continue_on_error=False, executor='parallel', parallel_workers=4, event_handlers=None, ignore_user_meta=False, metas=['./colcon.meta'], base_paths=['.'], packages_ignore=None, packages_ignore_regex=None, paths=None, packages_up_to=None, packages_up_to_regex=None, packages_above=None, packages_above_and_dependencies=None, packages_above_depth=None, packages_select_by_dep=None, packages_skip_by_dep=None, packages_skip_up_to=None, packages_select_build_failed=False, packages_skip_build_finished=False, packages_select_test_failures=False, packages_skip_test_passed=False, packages_select=['booster_t1_webots_test'], packages_skip=None, packages_select_regex=None, packages_skip_regex=None, packages_start=None, packages_end=None, cmake_args=None, cmake_target=None, cmake_target_skip_unavailable=False, cmake_clean_cache=False, cmake_clean_first=False, cmake_force_configure=False, ament_cmake_args=None, catkin_cmake_args=None, catkin_skip_building_tests=False, mixin_files=None, mixin=None, verb_parser=<colcon_mixin.mixin.mixin_argument.MixinArgumentDecorator object at 0xffff87fee9b0>, verb_extension=<colcon_core.verb.build.BuildVerb object at 0xffff87fee380>, main=<bound method BuildVerb.main of <colcon_core.verb.build.BuildVerb object at 0xffff87fee380>>, mixin_verb=('build',))
[0.146s] Level 1:colcon.colcon_core.package_discovery:discover_packages(colcon_meta) check parameters
[0.146s] Level 1:colcon.colcon_core.package_discovery:discover_packages(recursive) check parameters
[0.147s] Level 1:colcon.colcon_core.package_discovery:discover_packages(ignore) check parameters
[0.147s] Level 1:colcon.colcon_core.package_discovery:discover_packages(path) check parameters
[0.147s] Level 1:colcon.colcon_core.package_discovery:discover_packages(colcon_meta) discover
[0.147s] Level 1:colcon.colcon_core.package_discovery:discover_packages(recursive) discover
[0.147s] INFO:colcon.colcon_core.package_discovery:Crawling recursively for packages in '/workspace/project/ros2_ws'
[0.147s] Level 1:colcon.colcon_core.package_identification:_identify(.) by extensions ['ignore', 'ignore_ament_install']
[0.147s] Level 1:colcon.colcon_core.package_identification:_identify(.) by extension 'ignore'
[0.147s] Level 1:colcon.colcon_core.package_identification:_identify(.) by extension 'ignore_ament_install'
[0.148s] Level 1:colcon.colcon_core.package_identification:_identify(.) by extensions ['colcon_pkg']
[0.148s] Level 1:colcon.colcon_core.package_identification:_identify(.) by extension 'colcon_pkg'
[0.148s] Level 1:colcon.colcon_core.package_identification:_identify(.) by extensions ['colcon_meta']
[0.148s] Level 1:colcon.colcon_core.package_identification:_identify(.) by extension 'colcon_meta'
[0.148s] Level 1:colcon.colcon_core.package_identification:_identify(.) by extensions ['ros']
[0.148s] Level 1:colcon.colcon_core.package_identification:_identify(.) by extension 'ros'
[0.157s] Level 1:colcon.colcon_core.package_identification:_identify(.) by extensions ['cmake', 'python']
[0.157s] Level 1:colcon.colcon_core.package_identification:_identify(.) by extension 'cmake'
[0.158s] Level 1:colcon.colcon_core.package_identification:_identify(.) by extension 'python'
[0.158s] Level 1:colcon.colcon_core.package_identification:_identify(.) by extensions ['python_setup_py']
[0.158s] Level 1:colcon.colcon_core.package_identification:_identify(.) by extension 'python_setup_py'
[0.158s] Level 1:colcon.colcon_core.package_identification:_identify(log) by extensions ['ignore', 'ignore_ament_install']
[0.158s] Level 1:colcon.colcon_core.package_identification:_identify(log) by extension 'ignore'
[0.159s] Level 1:colcon.colcon_core.package_identification:_identify(log) ignored
[0.159s] Level 1:colcon.colcon_core.package_identification:_identify(src) by extensions ['ignore', 'ignore_ament_install']
[0.159s] Level 1:colcon.colcon_core.package_identification:_identify(src) by extension 'ignore'
[0.159s] Level 1:colcon.colcon_core.package_identification:_identify(src) by extension 'ignore_ament_install'
[0.159s] Level 1:colcon.colcon_core.package_identification:_identify(src) by extensions ['colcon_pkg']
[0.159s] Level 1:colcon.colcon_core.package_identification:_identify(src) by extension 'colcon_pkg'
[0.160s] Level 1:colcon.colcon_core.package_identification:_identify(src) by extensions ['colcon_meta']
[0.160s] Level 1:colcon.colcon_core.package_identification:_identify(src) by extension 'colcon_meta'
[0.160s] Level 1:colcon.colcon_core.package_identification:_identify(src) by extensions ['ros']
[0.160s] Level 1:colcon.colcon_core.package_identification:_identify(src) by extension 'ros'
[0.160s] Level 1:colcon.colcon_core.package_identification:_identify(src) by extensions ['cmake', 'python']
[0.160s] Level 1:colcon.colcon_core.package_identification:_identify(src) by extension 'cmake'
[0.160s] Level 1:colcon.colcon_core.package_identification:_identify(src) by extension 'python'
[0.160s] Level 1:colcon.colcon_core.package_identification:_identify(src) by extensions ['python_setup_py']
[0.160s] Level 1:colcon.colcon_core.package_identification:_identify(src) by extension 'python_setup_py'
[0.161s] Level 1:colcon.colcon_core.package_identification:_identify(src/booster_ros2_interface) by extensions ['ignore', 'ignore_ament_install']
[0.161s] Level 1:colcon.colcon_core.package_identification:_identify(src/booster_ros2_interface) by extension 'ignore'
[0.161s] Level 1:colcon.colcon_core.package_identification:_identify(src/booster_ros2_interface) by extension 'ignore_ament_install'
[0.161s] Level 1:colcon.colcon_core.package_identification:_identify(src/booster_ros2_interface) by extensions ['colcon_pkg']
[0.161s] Level 1:colcon.colcon_core.package_identification:_identify(src/booster_ros2_interface) by extension 'colcon_pkg'
[0.161s] Level 1:colcon.colcon_core.package_identification:_identify(src/booster_ros2_interface) by extensions ['colcon_meta']
[0.161s] Level 1:colcon.colcon_core.package_identification:_identify(src/booster_ros2_interface) by extension 'colcon_meta'
[0.161s] Level 1:colcon.colcon_core.package_identification:_identify(src/booster_ros2_interface) by extensions ['ros']
[0.161s] Level 1:colcon.colcon_core.package_identification:_identify(src/booster_ros2_interface) by extension 'ros'
[0.163s] DEBUG:colcon.colcon_core.package_identification:Package 'src/booster_ros2_interface' with type 'ros.ament_cmake' and name 'booster_interface'
[0.164s] Level 1:colcon.colcon_core.package_identification:_identify(src/booster_t1_webots_test) by extensions ['ignore', 'ignore_ament_install']
[0.164s] Level 1:colcon.colcon_core.package_identification:_identify(src/booster_t1_webots_test) by extension 'ignore'
[0.164s] Level 1:colcon.colcon_core.package_identification:_identify(src/booster_t1_webots_test) by extension 'ignore_ament_install'
[0.164s] Level 1:colcon.colcon_core.package_identification:_identify(src/booster_t1_webots_test) by extensions ['colcon_pkg']
[0.165s] Level 1:colcon.colcon_core.package_identification:_identify(src/booster_t1_webots_test) by extension 'colcon_pkg'
[0.165s] Level 1:colcon.colcon_core.package_identification:_identify(src/booster_t1_webots_test) by extensions ['colcon_meta']
[0.165s] Level 1:colcon.colcon_core.package_identification:_identify(src/booster_t1_webots_test) by extension 'colcon_meta'
[0.165s] Level 1:colcon.colcon_core.package_identification:_identify(src/booster_t1_webots_test) by extensions ['ros']
[0.165s] Level 1:colcon.colcon_core.package_identification:_identify(src/booster_t1_webots_test) by extension 'ros'
[0.167s] DEBUG:colcon.colcon_core.package_identification:Package 'src/booster_t1_webots_test' with type 'ros.ament_python' and name 'booster_t1_webots_test'
[0.167s] Level 1:colcon.colcon_core.package_discovery:discover_packages(recursive) using defaults
[0.167s] Level 1:colcon.colcon_core.package_discovery:discover_packages(ignore) discover
[0.167s] Level 1:colcon.colcon_core.package_discovery:discover_packages(ignore) using defaults
[0.167s] Level 1:colcon.colcon_core.package_discovery:discover_packages(path) discover
[0.167s] Level 1:colcon.colcon_core.package_discovery:discover_packages(path) using defaults
[0.183s] INFO:colcon.colcon_core.package_selection:Skipping not selected package 'booster_interface' in 'src/booster_ros2_interface'
[0.183s] Level 5:colcon.colcon_core.verb:set package 'booster_t1_webots_test' build argument 'cmake_args' from command line to 'None'
[0.184s] Level 5:colcon.colcon_core.verb:set package 'booster_t1_webots_test' build argument 'cmake_target' from command line to 'None'
[0.184s] Level 5:colcon.colcon_core.verb:set package 'booster_t1_webots_test' build argument 'cmake_target_skip_unavailable' from command line to 'False'
[0.184s] Level 5:colcon.colcon_core.verb:set package 'booster_t1_webots_test' build argument 'cmake_clean_cache' from command line to 'False'
[0.184s] Level 5:colcon.colcon_core.verb:set package 'booster_t1_webots_test' build argument 'cmake_clean_first' from command line to 'False'
[0.184s] Level 5:colcon.colcon_core.verb:set package 'booster_t1_webots_test' build argument 'cmake_force_configure' from command line to 'False'
[0.184s] Level 5:colcon.colcon_core.verb:set package 'booster_t1_webots_test' build argument 'ament_cmake_args' from command line to 'None'
[0.184s] Level 5:colcon.colcon_core.verb:set package 'booster_t1_webots_test' build argument 'catkin_cmake_args' from command line to 'None'
[0.184s] Level 5:colcon.colcon_core.verb:set package 'booster_t1_webots_test' build argument 'catkin_skip_building_tests' from command line to 'False'
[0.184s] DEBUG:colcon.colcon_core.verb:Building package 'booster_t1_webots_test' with the following arguments: {'ament_cmake_args': None, 'build_base': '/workspace/project/.docker/ros2_build/booster_t1_webots_test', 'catkin_cmake_args': None, 'catkin_skip_building_tests': False, 'cmake_args': None, 'cmake_clean_cache': False, 'cmake_clean_first': False, 'cmake_force_configure': False, 'cmake_target': None, 'cmake_target_skip_unavailable': False, 'install_base': '/workspace/project/.docker/ros2_install/booster_t1_webots_test', 'merge_install': False, 'path': '/workspace/project/ros2_ws/src/booster_t1_webots_test', 'symlink_install': True, 'test_result_base': None}
[0.184s] INFO:colcon.colcon_core.executor:Executing jobs using 'parallel' executor
[0.185s] DEBUG:colcon.colcon_parallel_executor.executor.parallel:run_until_complete
[0.185s] INFO:colcon.colcon_ros.task.ament_python.build:Building ROS package in '/workspace/project/ros2_ws/src/booster_t1_webots_test' with build type 'ament_python'
[0.185s] Level 1:colcon.colcon_core.shell:create_environment_hook('booster_t1_webots_test', 'ament_prefix_path')
[0.186s] INFO:colcon.colcon_core.plugin_system:Skipping extension 'colcon_core.shell.bat': Not used on non-Windows systems
[0.187s] INFO:colcon.colcon_core.shell:Creating environment hook '/workspace/project/.docker/ros2_install/booster_t1_webots_test/share/booster_t1_webots_test/hook/ament_prefix_path.ps1'
[0.188s] INFO:colcon.colcon_core.shell:Creating environment descriptor '/workspace/project/.docker/ros2_install/booster_t1_webots_test/share/booster_t1_webots_test/hook/ament_prefix_path.dsv'
[0.189s] INFO:colcon.colcon_core.shell:Creating environment hook '/workspace/project/.docker/ros2_install/booster_t1_webots_test/share/booster_t1_webots_test/hook/ament_prefix_path.sh'
[0.190s] INFO:colcon.colcon_core.shell:Skip shell extension 'powershell' for command environment: Not usable outside of PowerShell
[0.190s] DEBUG:colcon.colcon_core.shell:Skip shell extension 'dsv' for command environment
[0.337s] INFO:colcon.colcon_core.task.python.build:Building Python package in '/workspace/project/ros2_ws/src/booster_t1_webots_test'
[0.337s] INFO:colcon.colcon_core.shell:Skip shell extension 'powershell' for command environment: Not usable outside of PowerShell
[0.337s] DEBUG:colcon.colcon_core.shell:Skip shell extension 'dsv' for command environment
[0.548s] DEBUG:colcon.colcon_core.event_handler.log_command:Invoking command in '/workspace/project/.docker/ros2_build/booster_t1_webots_test': AMENT_PREFIX_PATH=/workspace/project/.docker/ros2_install/booster_interface:${AMENT_PREFIX_PATH} CMAKE_PREFIX_PATH=/workspace/project/.docker/ros2_install/booster_interface LD_LIBRARY_PATH=/workspace/project/.docker/ros2_install/booster_interface/lib:${LD_LIBRARY_PATH} PYTHONPATH=/workspace/project/.docker/ros2_build/booster_t1_webots_test/prefix_override:/usr/lib/python3/dist-packages/colcon_core/task/python/colcon_distutils_commands:/workspace/project/.docker/ros2_install/booster_t1_webots_test/lib/python3.10/site-packages:/workspace/project/.docker/ros2_install/booster_interface/local/lib/python3.10/dist-packages:${PYTHONPATH} /usr/bin/python3 -W ignore:setup.py install is deprecated -W ignore:easy_install command is deprecated setup.py develop --editable --build-directory /workspace/project/.docker/ros2_build/booster_t1_webots_test/build --no-deps symlink_data
[0.807s] Level 1:colcon.colcon_core.shell:create_environment_hook('booster_t1_webots_test', 'pythonpath_develop')
[0.807s] INFO:colcon.colcon_core.shell:Creating environment hook '/workspace/project/.docker/ros2_build/booster_t1_webots_test/share/booster_t1_webots_test/hook/pythonpath_develop.ps1'
[0.808s] DEBUG:colcon.colcon_core.event_handler.log_command:Invoked command in '/workspace/project/.docker/ros2_build/booster_t1_webots_test' returned '0': AMENT_PREFIX_PATH=/workspace/project/.docker/ros2_install/booster_interface:${AMENT_PREFIX_PATH} CMAKE_PREFIX_PATH=/workspace/project/.docker/ros2_install/booster_interface LD_LIBRARY_PATH=/workspace/project/.docker/ros2_install/booster_interface/lib:${LD_LIBRARY_PATH} PYTHONPATH=/workspace/project/.docker/ros2_build/booster_t1_webots_test/prefix_override:/usr/lib/python3/dist-packages/colcon_core/task/python/colcon_distutils_commands:/workspace/project/.docker/ros2_install/booster_t1_webots_test/lib/python3.10/site-packages:/workspace/project/.docker/ros2_install/booster_interface/local/lib/python3.10/dist-packages:${PYTHONPATH} /usr/bin/python3 -W ignore:setup.py install is deprecated -W ignore:easy_install command is deprecated setup.py develop --editable --build-directory /workspace/project/.docker/ros2_build/booster_t1_webots_test/build --no-deps symlink_data
[0.808s] INFO:colcon.colcon_core.shell:Creating environment descriptor '/workspace/project/.docker/ros2_build/booster_t1_webots_test/share/booster_t1_webots_test/hook/pythonpath_develop.dsv'
[0.809s] INFO:colcon.colcon_core.shell:Creating environment hook '/workspace/project/.docker/ros2_build/booster_t1_webots_test/share/booster_t1_webots_test/hook/pythonpath_develop.sh'
[0.811s] Level 1:colcon.colcon_core.environment:checking '/workspace/project/.docker/ros2_install/booster_t1_webots_test' for CMake module files
[0.812s] Level 1:colcon.colcon_core.environment:checking '/workspace/project/.docker/ros2_install/booster_t1_webots_test' for CMake config files
[0.816s] Level 1:colcon.colcon_core.environment:checking '/workspace/project/.docker/ros2_install/booster_t1_webots_test/lib'
[0.816s] Level 1:colcon.colcon_core.environment:checking '/workspace/project/.docker/ros2_install/booster_t1_webots_test/bin'
[0.816s] Level 1:colcon.colcon_core.environment:checking '/workspace/project/.docker/ros2_install/booster_t1_webots_test/lib/pkgconfig/booster_t1_webots_test.pc'
[0.816s] Level 1:colcon.colcon_core.environment:checking '/workspace/project/.docker/ros2_install/booster_t1_webots_test/lib/python3.10/site-packages'
[0.816s] Level 1:colcon.colcon_core.shell:create_environment_hook('booster_t1_webots_test', 'pythonpath')
[0.817s] INFO:colcon.colcon_core.shell:Creating environment hook '/workspace/project/.docker/ros2_install/booster_t1_webots_test/share/booster_t1_webots_test/hook/pythonpath.ps1'
[0.817s] INFO:colcon.colcon_core.shell:Creating environment descriptor '/workspace/project/.docker/ros2_install/booster_t1_webots_test/share/booster_t1_webots_test/hook/pythonpath.dsv'
[0.818s] INFO:colcon.colcon_core.shell:Creating environment hook '/workspace/project/.docker/ros2_install/booster_t1_webots_test/share/booster_t1_webots_test/hook/pythonpath.sh'
[0.819s] Level 1:colcon.colcon_core.environment:checking '/workspace/project/.docker/ros2_install/booster_t1_webots_test/bin'
[0.819s] Level 1:colcon.colcon_core.environment:create_environment_scripts_only(booster_t1_webots_test)
[0.819s] INFO:colcon.colcon_core.shell:Creating package script '/workspace/project/.docker/ros2_install/booster_t1_webots_test/share/booster_t1_webots_test/package.ps1'
[0.821s] INFO:colcon.colcon_core.shell:Creating package descriptor '/workspace/project/.docker/ros2_install/booster_t1_webots_test/share/booster_t1_webots_test/package.dsv'
[0.841s] INFO:colcon.colcon_core.shell:Creating package script '/workspace/project/.docker/ros2_install/booster_t1_webots_test/share/booster_t1_webots_test/package.sh'
[0.848s] INFO:colcon.colcon_core.shell:Creating package script '/workspace/project/.docker/ros2_install/booster_t1_webots_test/share/booster_t1_webots_test/package.bash'
[0.850s] INFO:colcon.colcon_core.shell:Creating package script '/workspace/project/.docker/ros2_install/booster_t1_webots_test/share/booster_t1_webots_test/package.zsh'
[0.851s] Level 1:colcon.colcon_core.environment:create_file_with_runtime_dependencies(/workspace/project/.docker/ros2_install/booster_t1_webots_test/share/colcon-core/packages/booster_t1_webots_test)
[0.852s] DEBUG:colcon.colcon_parallel_executor.executor.parallel:closing loop
[0.853s] DEBUG:colcon.colcon_parallel_executor.executor.parallel:loop closed
[0.853s] DEBUG:colcon.colcon_parallel_executor.executor.parallel:run_until_complete finished with '0'
[0.853s] DEBUG:colcon.colcon_core.event_reactor:joining thread
[0.864s] INFO:colcon.colcon_core.plugin_system:Skipping extension 'colcon_notification.desktop_notification.notify_send': Could not find 'notify-send'
[0.864s] INFO:colcon.colcon_core.plugin_system:Skipping extension 'colcon_notification.desktop_notification.terminal_notifier': Not used on non-Darwin systems
[0.864s] INFO:colcon.colcon_core.plugin_system:Skipping extension 'colcon_notification.desktop_notification.win32': Not used on non-Windows systems
[0.864s] INFO:colcon.colcon_notification.desktop_notification:Sending desktop notification using 'notify2'
[0.864s] DEBUG:colcon.colcon_notification.desktop_notification.notify2:Failed to initialize notify2: org.freedesktop.DBus.Error.NotSupported: Unable to autolaunch a dbus-daemon without a $DISPLAY for X11
[0.864s] DEBUG:colcon.colcon_core.event_reactor:joined thread
[0.864s] INFO:colcon.colcon_core.shell:Creating prefix script '/workspace/project/.docker/ros2_install/local_setup.ps1'
[0.866s] INFO:colcon.colcon_core.shell:Creating prefix util module '/workspace/project/.docker/ros2_install/_local_setup_util_ps1.py'
[0.873s] INFO:colcon.colcon_core.shell:Creating prefix chain script '/workspace/project/.docker/ros2_install/setup.ps1'
[0.875s] INFO:colcon.colcon_core.shell:Creating prefix script '/workspace/project/.docker/ros2_install/local_setup.sh'
[0.879s] INFO:colcon.colcon_core.shell:Creating prefix util module '/workspace/project/.docker/ros2_install/_local_setup_util_sh.py'
[0.884s] INFO:colcon.colcon_core.shell:Creating prefix chain script '/workspace/project/.docker/ros2_install/setup.sh'
[0.885s] INFO:colcon.colcon_core.shell:Creating prefix script '/workspace/project/.docker/ros2_install/local_setup.bash'
[0.886s] INFO:colcon.colcon_core.shell:Creating prefix chain script '/workspace/project/.docker/ros2_install/setup.bash'
[0.887s] INFO:colcon.colcon_core.shell:Creating prefix script '/workspace/project/.docker/ros2_install/local_setup.zsh'
[0.888s] INFO:colcon.colcon_core.shell:Creating prefix chain script '/workspace/project/.docker/ros2_install/setup.zsh'
